This is LuaHBTeX, Version 1.25.7 (MiKTeX 26.5) (format=lualatex 2026.7.4)  5 JUL 2026 16:31
 restricted system commands enabled.
 file:line:error style messages enabled.
**c:/Users/Julius/Desktop/Dokti/MAIN/Main.tex
(c:/Users/Julius/Desktop/Dokti/MAIN/Main.tex
LaTeX2e <2026-06-01>
L3 programming layer <2026-06-18>
Lua module: luaotfload 2024-12-03 v3.29 Lua based OpenType font support
Lua module: lualibs 2023-07-13 v2.76 ConTeXt Lua standard libraries.
Lua module: lualibs-extended 2023-07-13 v2.76 ConTeXt Lua libraries -- extended 
collection.
luaotfload | conf : Root cache directory is "C:/Users/Julius/AppData/Local/MiKTe
X/luatex-cache/generic/names".
luaotfload | init : Loading fontloader "fontloader-2023-12-28.lua" from kpse-res
olved path "C:/Users/Julius/AppData/Local/Programs/MiKTeX/tex/luatex/luaotfload/
fontloader-2023-12-28.lua".
Lua-only attribute luaotfload@noligature = 1
luaotfload | init : Context OpenType loader version 3.134
Inserting `luaotfload.node_processor' in `pre_linebreak_filter'.
Inserting `luaotfload.node_processor' in `hpack_filter'.
Inserting `luaotfload.glyph_stream' in `glyph_stream_provider'.
Inserting `luaotfload.define_font' in `define_font'.
Lua-only attribute luaotfload_color_attribute = 2
luaotfload | conf : Root cache directory is "C:/Users/Julius/AppData/Local/MiKTe
X/luatex-cache/generic/names".
Inserting `luaotfload.harf.strip_prefix' in `find_opentype_file'.
Inserting `luaotfload.harf.strip_prefix' in `find_truetype_file'.
Removing  `luaotfload.glyph_stream' from `glyph_stream_provider'.
Inserting `luaotfload.harf.glyphstream' in `glyph_stream_provider'.
Inserting `luaotfload.harf.finalize_vlist' in `post_linebreak_filter'.
Inserting `luaotfload.harf.finalize_hlist' in `hpack_filter'.
Inserting `luaotfload.cleanup_files' in `wrapup_run'.
Inserting `luaotfload.harf.finalize_unicode' in `finish_pdffile'.
Inserting `luaotfload.glyphinfo' in `glyph_info'.
Lua-only attribute luaotfload.letterspace_done = 3
Inserting `luaotfload.aux.set_sscale_dimens' in `luaotfload.patch_font'.
Inserting `luaotfload.aux.set_font_index' in `luaotfload.patch_font'.
Inserting `luaotfload.aux.patch_cambria_domh' in `luaotfload.patch_font'.
Inserting `luaotfload.aux.fixup_fontdata' in `luaotfload.patch_font_unsafe'.
Inserting `luaotfload.aux.set_capheight' in `luaotfload.patch_font'.
Inserting `luaotfload.aux.set_xheight' in `luaotfload.patch_font'.
Inserting `luaotfload.rewrite_fontname' in `luaotfload.patch_font'.
Inserting `tracingstacklevels' in `input_level_string'. (C:/Users/Julius/AppDat
a/Local/Programs/MiKTeX/tex/latex/base/report.cls
Document Class: report 2025/01/22 v1.4n Standard LaTeX document class
(C:/Users/Julius/AppData/Local/Programs/MiKTeX/tex/latex/base/size12.clo
File: size12.clo 2025/01/22 v1.4n Standard LaTeX file (size option)
luaotfload | db : Font names database loaded from C:/Users/Julius/AppData/Local/
MiKTeX/luatex-cache/generic/names/luaotfload-names.luc.gz)
\c@part=\count274
\c@chapter=\count275
\c@section=\count276
\c@subsection=\count277
\c@subsubsection=\count278
\c@paragraph=\count279
\c@subparagraph=\count280
\c@figure=\count281
\c@table=\count282
\abovecaptionskip=\skip49
\belowcaptionskip=\skip50
\bibindent=\dimen149
)
(C:/Users/Julius/AppData/Local/Programs/MiKTeX/tex/latex/graphics/graphicx.sty
Package: graphicx 2026-05-17 v1.2e Enhanced LaTeX Graphics (DPC,SPQR)

(C:/Users/Julius/AppData/Local/Programs/MiKTeX/tex/latex/graphics/keyval.sty
Package: keyval 2026-05-17 v1.15 key=value parser (DPC)
\KV@toks@=\toks17
)
(C:/Users/Julius/AppData/Local/Programs/MiKTeX/tex/latex/graphics/graphics.sty
Package: graphics 2026-05-17 v1.4h Standard LaTeX Graphics (DPC,SPQR)

(C:/Users/Julius/AppData/Local/Programs/MiKTeX/tex/latex/graphics/trig.sty
Package: trig 2023/12/02 v1.11 sin cos tan (DPC)
)
(C:/Users/Julius/AppData/Local/Programs/MiKTeX/tex/latex/graphics-cfg/graphics.
cfg
File: graphics.cfg 2016/06/04 v1.11 sample graphics configuration
)
Package graphics Info: Driver file: luatex.def on input line 106.

(C:/Users/Julius/AppData/Local/Programs/MiKTeX/tex/latex/graphics-def/luatex.de
f
File: luatex.def 2025/09/29 v1.2f Graphics/color driver for luatex
))
\Gin@req@height=\dimen150
\Gin@req@width=\dimen151
)
(C:/Users/Julius/AppData/Local/Programs/MiKTeX/tex/latex/listings/listings.sty
\lst@mode=\count283
\lst@gtempboxa=\box53
\lst@token=\toks18
\lst@length=\count284
\lst@currlwidth=\dimen152
\lst@column=\count285
\lst@pos=\count286
\lst@lostspace=\dimen153
\lst@width=\dimen154
\lst@newlines=\count287
\lst@lineno=\count288
\lst@maxwidth=\dimen155

(C:/Users/Julius/AppData/Local/Programs/MiKTeX/tex/latex/listings/lstpatch.sty
File: lstpatch.sty 2025/11/14 1.11b (Carsten Heinz)
) (C:/Users/Julius/AppData/Local/Programs/MiKTeX/tex/latex/listings/lstmisc.sty
File: lstmisc.sty 2025/11/14 1.11b (Carsten Heinz)
\c@lstnumber=\count289
\lst@skipnumbers=\count290
\lst@framebox=\box54
) (C:/Users/Julius/AppData/Local/Programs/MiKTeX/tex/latex/listings/listings.cf
g
File: listings.cfg 2025/11/14 1.11b listings configuration
))
Package: listings 2025/11/14 1.11b (Carsten Heinz)

(C:/Users/Julius/AppData/Local/Programs/MiKTeX/tex/latex/datatool/datatool.sty
Package: datatool 2025/12/04 v3.4.3 (NLCT)

(C:/Users/Julius/AppData/Local/Programs/MiKTeX/tex/latex/base/ifthen.sty
Package: ifthen 2024/03/16 v1.1e Standard LaTeX ifthen package (DPC)
)
(C:/Users/Julius/AppData/Local/Programs/MiKTeX/tex/latex/xfor/xfor.sty
Package: xfor 2009/02/05 v1.05 (NLCT)
)
(C:/Users/Julius/AppData/Local/Programs/MiKTeX/tex/latex/etoolbox/etoolbox.sty
Package: etoolbox 2025/10/02 v2.5m e-TeX tools for LaTeX (JAW)
\etb@tempcnta=\count291
)
(C:/Users/Julius/AppData/Local/Programs/MiKTeX/tex/latex/tracklang/tracklang.st
y
Package: tracklang 2026/05/24 v1.6.8 (NLCT) Track Languages

(C:/Users/Julius/AppData/Local/Programs/MiKTeX/tex/generic/tracklang/tracklang.
tex))
(C:/Users/Julius/AppData/Local/Programs/MiKTeX/tex/latex/datatool/datatool-base
.sty
Package: datatool-base 2025/12/04 v3.4.3 (NLCT)

(C:/Users/Julius/AppData/Local/Programs/MiKTeX/tex/latex/amsmath/amsmath.sty
Package: amsmath 2026/05/19 v2.18d AMS math features
\@mathmargin=\skip51

For additional information on amsmath, use the `?' option.
(C:/Users/Julius/AppData/Local/Programs/MiKTeX/tex/latex/amsmath/amstext.sty
Package: amstext 2024/11/17 v2.01 AMS text

(C:/Users/Julius/AppData/Local/Programs/MiKTeX/tex/latex/amsmath/amsgen.sty
File: amsgen.sty 1999/11/30 v2.0 generic functions
\@emptytoks=\toks19
\ex@=\dimen156
))
(C:/Users/Julius/AppData/Local/Programs/MiKTeX/tex/latex/amsmath/amsbsy.sty
Package: amsbsy 1999/11/29 v1.2d Bold Symbols
\pmbraise@=\dimen157
)
(C:/Users/Julius/AppData/Local/Programs/MiKTeX/tex/latex/amsmath/amsopn.sty
Package: amsopn 2022/04/08 v2.04 operator names
)
\inf@bad=\count292
LaTeX Info: Redefining \frac on input line 235.
\uproot@=\count293
\leftroot@=\count294
LaTeX Info: Redefining \overline on input line 398.
LaTeX Info: Redefining \colon on input line 409.
\classnum@=\count295
\DOTSCASE@=\count296
LaTeX Info: Redefining \ldots on input line 495.
LaTeX Info: Redefining \dots on input line 498.
LaTeX Info: Redefining \cdots on input line 619.
\Mathstrutbox@=\box55
\strutbox@=\box56
LaTeX Info: Redefining \big on input line 721.
LaTeX Info: Redefining \Big on input line 722.
LaTeX Info: Redefining \bigg on input line 723.
LaTeX Info: Redefining \Bigg on input line 724.
\big@size=\dimen158
LaTeX Font Info:    Redeclaring font encoding OML on input line 742.
LaTeX Font Info:    Redeclaring font encoding OMS on input line 743.
\macc@depth=\count297
LaTeX Info: Redefining \bmod on input line 904.
LaTeX Info: Redefining \pmod on input line 909.
LaTeX Info: Redefining \smash on input line 939.
LaTeX Info: Redefining \relbar on input line 969.
LaTeX Info: Redefining \Relbar on input line 970.
\c@MaxMatrixCols=\count298
\dotsspace@=\muskip17
\c@parentequation=\count299
\dspbrk@lvl=\count300
\tag@help=\toks20
\row@=\count301
\column@=\count302
\maxfields@=\count303
\andhelp@=\toks21
\eqnshift@=\dimen159
\alignsep@=\dimen160
\tagshift@=\dimen161
\tagwidth@=\dimen162
\totwidth@=\dimen163
\lineht@=\dimen164
\@envbody=\toks22
\multlinegap=\skip52
\multlinetaggap=\skip53
\mathdisplay@stack=\toks23
LaTeX Info: Redefining \[ on input line 2965.
LaTeX Info: Redefining \] on input line 2966.
)
\l__datatool_tmpa_int=\count304
\l__datatool_tmpb_int=\count305
\l__datatool_tmpc_int=\count306
\l__datatool_tmpd_int=\count307
\l__datatool_count_int=\count308
\l__datatool_tmp_datatype_int=\count309
\l__datatool_tmpa_dim=\dimen165
\l__datatool_tmpb_dim=\dimen166

(C:/Users/Julius/AppData/Local/Programs/MiKTeX/tex/latex/datatool/datatool-lua.
def
File: datatool-lua.def 2025/12/04 v3.4.3 (NLCT)
)
\@dtl@toks=\toks24
\@dtl@tmpcount=\count310
\dtl@tmplength=\skip54
\l__datatool_measure_box=\box57
\dtl@sortresult=\count311

(C:/Users/Julius/AppData/Local/Programs/MiKTeX/tex/latex/datatool/datatool-utf8
.ldf
File: datatool-utf8.ldf 2025/12/04 v3.4.3 (NLCT)
)
\@dtl@datatype=\count312
\c_datatool_unknown_int=\count313
\l__datatool_year_int=\count314
\l__datatool_month_int=\count315
\l__datatool_day_int=\count316
\l__datatool_hour_int=\count317
\l__datatool_minute_int=\count318
\l__datatool_second_int=\count319
\l__datatool_tzhour_int=\count320
\l__datatool_tzminute_int=\count321
\l__datatool_julian_int=\count322
\l__datatool_local_julian_int=\count323
\l__datatool_prefix_int=\count324
\l__datatool_suffix_int=\count325
\@dtl@foreach@level=\count326
\dtl@codeA=\count327
\dtl@codeB=\count328
)
\l__datatool_max_cols_int=\count329
\l__datatool_col_idx_int=\count330
\l__datatool_row_idx_int=\count331
\l__datatool_item_type_int=\count332
\l__datatool_action_column_int=\count333
\l__datatool_action_column_ii_int=\count334
\l__datatool_action_row_int=\count335
\l__datatool_action_row_ii_int=\count336
\l__datatool_action_type_int=\count337
\l__datatool_action_datum_round_int=\count338
\dtlcolumnnum=\count339
\dtlrownum=\count340
\@dtl@before=\toks25
\@dtl@after=\toks26
\@dtl@colhead=\toks27
\dtlcurrentrow=\toks28
\dtlbeforerow=\toks29
\dtlafterrow=\toks30
\l__datatool_map_data_max_cols_int=\count341
\l__datatool_map_data_edit_column_int=\count342
\dtlforeachlevel=\count343
\c@DTLrow=\count344
\c@DTLrowi=\count345
\c@DTLrowii=\count346
\c@DTLrowiii=\count347
\dtl@rowi=\count348
\dtl@rowii=\count349
\dtl@rowiii=\count350
\g__filtered_row_i_int=\count351
\g__filtered_row_ii_int=\count352
\g__filtered_row_iii_int=\count353
\@dtl@curi=\toks31
\@dtl@previ=\toks32
\@dtl@nexti=\toks33
\@dtl@curii=\toks34
\@dtl@previi=\toks35
\@dtl@nextii=\toks36
\@dtl@curiii=\toks37
\@dtl@previii=\toks38
\@dtl@nextiii=\toks39
\l_datatool_display_per_row_int=\count354
\l_datatool_display_tab_rows_int=\count355
\@dtl@toksA=\toks40
\@dtl@toksB=\toks41
\@dtl@elements=\count356
\__datatool_sort_data_sortcol_int=\count357
\__datatool_sort_data_grpcol_int=\count358
\dtl@omitlines=\count359
\l__datatool_line_int=\count360
)
(C:/Users/Julius/AppData/Local/Programs/MiKTeX/tex/latex/tools/layout.sty
Package: layout 2023-08-20 v1.2e Show layout parameters
\oneinch=\count361
\cnt@paperwidth=\count362
\cnt@paperheight=\count363
\cnt@hoffset=\count364
\cnt@voffset=\count365
\cnt@textheight=\count366
\cnt@textwidth=\count367
\cnt@topmargin=\count368
\cnt@oddsidemargin=\count369
\cnt@evensidemargin=\count370
\cnt@headheight=\count371
\cnt@headsep=\count372
\cnt@marginparsep=\count373
\cnt@marginparwidth=\count374
\cnt@marginparpush=\count375
\cnt@footskip=\count376
\fheight=\count377
\ref@top=\count378
\ref@hoffset=\count379
\ref@voffset=\count380
\ref@head=\count381
\ref@body=\count382
\ref@foot=\count383
\ref@margin=\count384
\ref@marginwidth=\count385
\ref@marginpar=\count386
\Interval=\count387
\ExtraYPos=\count388
\PositionX=\count389
\PositionY=\count390
\ArrowLength=\count391
)
(C:/Users/Julius/AppData/Local/Programs/MiKTeX/tex/latex/titlecaps/titlecaps.st
y
Package: titlecaps 2022/04/12\ 1.3\ Routines for setting rich-text input into T
itling Caps

(C:/Users/Julius/AppData/Local/Programs/MiKTeX/tex/latex/ifnextok/ifnextok.sty
Package: ifnextok 2011/06/27 v0.3 test next token (UL)
)
\c@lcword@index=\count392
\c@word@count=\count393
\c@lc@words=\count394
\c@dia@count=\count395
\c@arg@@@index=\count396
)
(C:/Users/Julius/AppData/Local/Programs/MiKTeX/tex/latex/titlesec/titlesec.sty
Package: titlesec 2025/01/04 v2.17 Sectioning titles
\ttl@box=\box58
\beforetitleunit=\skip55
\aftertitleunit=\skip56
\ttl@plus=\dimen167
\ttl@minus=\dimen168
\ttl@toksa=\toks42
\titlewidth=\dimen169
\titlewidthlast=\dimen170
\titlewidthfirst=\dimen171
) (C:/Users/Julius/AppData/Local/Programs/MiKTeX/tex/latex/url/url.sty
\Urlmuskip=\muskip18
Package: url 2013/09/16  ver 3.4  Verb mode for urls, etc.
)
(C:/Users/Julius/AppData/Local/Programs/MiKTeX/tex/latex/biblatex/biblatex.sty
Package: biblatex 2025/07/10 v3.21 programmable bibliographies (PK/MW)

(C:/Users/Julius/AppData/Local/Programs/MiKTeX/tex/generic/pdftexcmds/pdftexcmd
s.sty
Package: pdftexcmds 2020-06-27 v0.33 Utility functions of pdfTeX for LuaTeX (HO
)

(C:/Users/Julius/AppData/Local/Programs/MiKTeX/tex/generic/infwarerr/infwarerr.
sty
Package: infwarerr 2019/12/03 v1.5 Providing info/warning/error messages (HO)
) (C:/Users/Julius/AppData/Local/Programs/MiKTeX/tex/generic/iftex/iftex.sty
Package: iftex 2024/12/12 v1.0g TeX engine tests
)
(C:/Users/Julius/AppData/Local/Programs/MiKTeX/tex/generic/ltxcmds/ltxcmds.sty
Package: ltxcmds 2023-12-04 v1.26 LaTeX kernel commands for general use (HO)
)
Package pdftexcmds Info: \pdf@primitive is available.
Package pdftexcmds Info: \pdf@ifprimitive is available.
Package pdftexcmds Info: \pdfdraftmode found.
\pdftexcmds@toks=\toks43
)
(C:/Users/Julius/AppData/Local/Programs/MiKTeX/tex/latex/kvoptions/kvoptions.st
y
Package: kvoptions 2022-06-15 v3.15 Key value format for package options (HO)

(C:/Users/Julius/AppData/Local/Programs/MiKTeX/tex/latex/kvsetkeys/kvsetkeys.st
y
Package: kvsetkeys 2022-10-05 v1.19 Key value parser (HO)
)) (C:/Users/Julius/AppData/Local/Programs/MiKTeX/tex/latex/logreq/logreq.sty
Package: logreq 2010/08/04 v1.0 xml request logger
\lrq@indent=\count397

(C:/Users/Julius/AppData/Local/Programs/MiKTeX/tex/latex/logreq/logreq.def
File: logreq.def 2010/08/04 v1.0 logreq spec v1.0
))
\c@tabx@nest=\count398
\c@listtotal=\count399
\c@listcount=\count400
\c@liststart=\count401
\c@liststop=\count402
\c@citecount=\count403
\c@citetotal=\count404
\c@multicitecount=\count405
\c@multicitetotal=\count406
\c@instcount=\count407
\c@maxnames=\count408
\c@minnames=\count409
\c@maxitems=\count410
\c@minitems=\count411
\c@citecounter=\count412
\c@maxcitecounter=\count413
\c@savedcitecounter=\count414
\c@uniquelist=\count415
\c@uniquename=\count416
\c@refsection=\count417
\c@refsegment=\count418
\c@maxextratitle=\count419
\c@maxextratitleyear=\count420
\c@maxextraname=\count421
\c@maxextradate=\count422
\c@maxextraalpha=\count423
\c@abbrvpenalty=\count424
\c@highnamepenalty=\count425
\c@lownamepenalty=\count426
\c@maxparens=\count427
\c@parenlevel=\count428
\blx@tempcnta=\count429
\blx@tempcntb=\count430
\blx@tempcntc=\count431
\c@blx@maxsection=\count432
\blx@maxsegment@0=\count433
\blx@notetype=\count434
\blx@parenlevel@text=\count435
\blx@parenlevel@foot=\count436
\blx@sectionciteorder@0=\count437
\blx@sectionciteorderinternal@0=\count438
\blx@entrysetcounter=\count439
\blx@biblioinstance=\count440
\labelnumberwidth=\skip57
\labelalphawidth=\skip58
\biblabelsep=\skip59
\bibitemsep=\skip60
\bibnamesep=\skip61
\bibinitsep=\skip62
\bibparsep=\skip63
\bibhang=\skip64
\blx@bcfin=\read2
\blx@bcfout=\write3
\blx@langwohyphens=\language2
\c@mincomprange=\count441
\c@maxcomprange=\count442
\c@mincompwidth=\count443
Package biblatex Info: Trying to load biblatex default data model...
Package biblatex Info: ... file 'blx-dm.def' found.

(C:/Users/Julius/AppData/Local/Programs/MiKTeX/tex/latex/biblatex/blx-dm.def
File: blx-dm.def 2025/07/10 v3.21 biblatex datamodel (PK/MW)
)
Package biblatex Info: Trying to load biblatex bibstyle data model...
Package biblatex Info: ... file 'numeric.dbx' not found.
Package biblatex Info: Trying to load biblatex custom data model...
Package biblatex Info: ... file 'biblatex-dm.cfg' not found.
\c@afterword=\count444
\c@savedafterword=\count445
\c@annotator=\count446
\c@savedannotator=\count447
\c@author=\count448
\c@savedauthor=\count449
\c@bookauthor=\count450
\c@savedbookauthor=\count451
\c@commentator=\count452
\c@savedcommentator=\count453
\c@editor=\count454
\c@savededitor=\count455
\c@editora=\count456
\c@savededitora=\count457
\c@editorb=\count458
\c@savededitorb=\count459
\c@editorc=\count460
\c@savededitorc=\count461
\c@foreword=\count462
\c@savedforeword=\count463
\c@holder=\count464
\c@savedholder=\count465
\c@introduction=\count466
\c@savedintroduction=\count467
\c@namea=\count468
\c@savednamea=\count469
\c@nameb=\count470
\c@savednameb=\count471
\c@namec=\count472
\c@savednamec=\count473
\c@translator=\count474
\c@savedtranslator=\count475
\c@shortauthor=\count476
\c@savedshortauthor=\count477
\c@shorteditor=\count478
\c@savedshorteditor=\count479
\c@labelname=\count480
\c@savedlabelname=\count481
\c@institution=\count482
\c@savedinstitution=\count483
\c@lista=\count484
\c@savedlista=\count485
\c@listb=\count486
\c@savedlistb=\count487
\c@listc=\count488
\c@savedlistc=\count489
\c@listd=\count490
\c@savedlistd=\count491
\c@liste=\count492
\c@savedliste=\count493
\c@listf=\count494
\c@savedlistf=\count495
\c@location=\count496
\c@savedlocation=\count497
\c@organization=\count498
\c@savedorganization=\count499
\c@origlocation=\count500
\c@savedoriglocation=\count501
\c@origpublisher=\count502
\c@savedorigpublisher=\count503
\c@publisher=\count504
\c@savedpublisher=\count505
\c@language=\count506
\c@savedlanguage=\count507
\c@origlanguage=\count508
\c@savedoriglanguage=\count509
\c@pageref=\count510
\c@savedpageref=\count511
\shorthandwidth=\skip65
\shortjournalwidth=\skip66
\shortserieswidth=\skip67
\shorttitlewidth=\skip68
\shortauthorwidth=\skip69
\shorteditorwidth=\skip70
\locallabelnumberwidth=\skip71
\locallabelalphawidth=\skip72
\localshorthandwidth=\skip73
\localshortjournalwidth=\skip74
\localshortserieswidth=\skip75
\localshorttitlewidth=\skip76
\localshortauthorwidth=\skip77
\localshorteditorwidth=\skip78
Package biblatex Info: Trying to load enhanced support for Unicode engines...
Package biblatex Info: ... file 'blx-unicode.def' found.

(C:/Users/Julius/AppData/Local/Programs/MiKTeX/tex/latex/biblatex/blx-unicode.d
ef)
Package biblatex Info: Trying to load compatibility code...
Package biblatex Info: ... file 'blx-compat.def' found.

(C:/Users/Julius/AppData/Local/Programs/MiKTeX/tex/latex/biblatex/blx-compat.de
f
File: blx-compat.def 2025/07/10 v3.21 biblatex compatibility (PK/MW)
)
Package biblatex Info: Trying to load generic definitions...
Package biblatex Info: ... file 'biblatex.def' found.

(C:/Users/Julius/AppData/Local/Programs/MiKTeX/tex/latex/biblatex/biblatex.def
File: biblatex.def 2025/07/10 v3.21 biblatex compatibility (PK/MW)
\c@textcitecount=\count512
\c@textcitetotal=\count513
\c@textcitemaxnames=\count514
\c@biburlbigbreakpenalty=\count515
\c@biburlbreakpenalty=\count516
\c@biburlnumpenalty=\count517
\c@biburlucpenalty=\count518
\c@biburllcpenalty=\count519
\biburlbigskip=\muskip19
\biburlnumskip=\muskip20
\biburlucskip=\muskip21
\biburllcskip=\muskip22
\c@smartand=\count520
)
Package biblatex Info: Trying to load bibliography style 'numeric'...
Package biblatex Info: ... file 'numeric.bbx' found.

(C:/Users/Julius/AppData/Local/Programs/MiKTeX/tex/latex/biblatex/bbx/numeric.b
bx
File: numeric.bbx 2025/07/10 v3.21 biblatex bibliography style (PK/MW)
Package biblatex Info: Trying to load bibliography style 'standard'...
Package biblatex Info: ... file 'standard.bbx' found.

(C:/Users/Julius/AppData/Local/Programs/MiKTeX/tex/latex/biblatex/bbx/standard.
bbx
File: standard.bbx 2025/07/10 v3.21 biblatex bibliography style (PK/MW)
\c@bbx:relatedcount=\count521
\c@bbx:relatedtotal=\count522
))
Package biblatex Info: Trying to load citation style 'numeric'...
Package biblatex Info: ... file 'numeric.cbx' found.

(C:/Users/Julius/AppData/Local/Programs/MiKTeX/tex/latex/biblatex/cbx/numeric.c
bx
File: numeric.cbx 2025/07/10 v3.21 biblatex citation style (PK/MW)
Package biblatex Info: Redefining '\cite'.
Package biblatex Info: Redefining '\parencite'.
Package biblatex Info: Redefining '\footcite'.
Package biblatex Info: Redefining '\footcitetext'.
Package biblatex Info: Redefining '\smartcite'.
Package biblatex Info: Redefining '\supercite'.
Package biblatex Info: Redefining '\textcite'.
Package biblatex Info: Redefining '\textcites'.
Package biblatex Info: Redefining '\cites'.
Package biblatex Info: Redefining '\parencites'.
Package biblatex Info: Redefining '\smartcites'.
)
Package biblatex Info: Trying to load configuration file...
Package biblatex Info: ... file 'biblatex.cfg' found.

(C:/Users/Julius/AppData/Local/Programs/MiKTeX/tex/latex/biblatex/biblatex.cfg
File: biblatex.cfg 
)
Package biblatex Info: LuaTeX detected.
(biblatex)             Assuming input encoding 'utf8'.
Package biblatex Info: Document encoding is UTF8 ....
(C:/Users/Julius/AppData/Local/Programs/MiKTeX/tex/latex/l3kernel/expl3.sty
Package: expl3 2026-06-18 L3 programming layer (loader) 

(C:/Users/Julius/AppData/Local/Programs/MiKTeX/tex/latex/l3backend/l3backend-lu
atex.def
File: l3backend-luatex.def 2026-02-18 L3 backend support: PDF output (LuaTeX)
\l__color_backend_stack_int=\count523
Inserting `l3color' in `luaotfload.parse_color'.))
Package biblatex Info: ... and expl3
(biblatex)             2026-06-18 L3 programming layer (loader) 
(biblatex)             is new enough (at least 2020/04/06),
(biblatex)             setting 'casechanger=expl3'.

(C:/Users/Julius/AppData/Local/Programs/MiKTeX/tex/latex/biblatex/blx-case-expl
3.sty
(C:/Users/Julius/AppData/Local/Programs/MiKTeX/tex/latex/l3packages/xparse/xpar
se.sty
Package: xparse 2025-10-09 L3 Experimental document command parser
)
Package: blx-case-expl3 2025/07/10 v3.21 expl3 case changing code for biblatex
))
(C:/Users/Julius/AppData/Local/Programs/MiKTeX/tex/latex/xcolor/xcolor.sty
Package: xcolor 2024/09/29 v3.02 LaTeX color extensions (UK)

(C:/Users/Julius/AppData/Local/Programs/MiKTeX/tex/latex/graphics-cfg/color.cfg
File: color.cfg 2016/01/02 v1.6 sample color configuration
)
Package xcolor Info: Driver file: luatex.def on input line 274.

(C:/Users/Julius/AppData/Local/Programs/MiKTeX/tex/latex/graphics/mathcolor.ltx
)
Package xcolor Info: Model `cmy' substituted by `cmy0' on input line 1349.
Package xcolor Info: Model `hsb' substituted by `rgb' on input line 1353.
Package xcolor Info: Model `RGB' extended on input line 1365.
Package xcolor Info: Model `HTML' substituted by `rgb' on input line 1367.
Package xcolor Info: Model `Hsb' substituted by `hsb' on input line 1368.
Package xcolor Info: Model `tHsb' substituted by `hsb' on input line 1369.
Package xcolor Info: Model `HSB' substituted by `hsb' on input line 1370.
Package xcolor Info: Model `Gray' substituted by `gray' on input line 1371.
Package xcolor Info: Model `wave' substituted by `hsb' on input line 1372.
)
(C:/Users/Julius/AppData/Local/Programs/MiKTeX/tex/latex/colortbl/colortbl.sty
Package: colortbl 2026/05/01 v1.0l Color table columns (DPC)

(C:/Users/Julius/AppData/Local/Programs/MiKTeX/tex/latex/tools/array.sty
Package: array 2026/02/24 v2.7b Tabular extension package (FMi)
\col@sep=\dimen172
\ar@mcellbox=\box59
\extrarowheight=\dimen173
\NC@list=\toks44
\extratabsurround=\skip79
\backup@length=\skip80
\ar@cellbox=\box60
)
new hooks used!!
\minrowclearance=\skip81
\rownum=\count524
)
(C:/Users/Julius/AppData/Local/Programs/MiKTeX/tex/latex/multirow/multirow.sty
Package: multirow 2024/11/12 v2.9 Span multiple rows of a table
\multirow@colwidth=\skip82
\multirow@cntb=\count525
\multirow@dima=\skip83
\bigstrutjot=\dimen174
)
(C:/Users/Julius/AppData/Local/Programs/MiKTeX/tex/latex/blindtext/blindtext.st
y
Package: blindtext 2012/01/06 V2.0 blindtext-Package
 (C:/Users/Julius/AppData/Local/Programs/MiKTeX/tex/latex/tools/xspace.sty
Package: xspace 2014/10/28 v1.13 Space after command names (DPC,MH)
)
\c@blindtext=\count526
\c@Blindtext=\count527
\c@blind@countparstart=\count528
\blind@countxx=\count529
\blindtext@numBlindtext=\count530
\blind@countyy=\count531
\c@blindlist=\count532
\c@blindlistlevel=\count533
\c@blindlist@level=\count534
\blind@listitem=\count535
\c@blind@listcount=\count536
\c@blind@levelcount=\count537
\blind@mathformula=\count538
\blind@Mathformula=\count539
\c@blind@randomcount=\count540
\c@blind@randommax=\count541
\c@blind@pangramcount=\count542
\c@blind@pangrammax=\count543
)
(C:/Users/Julius/AppData/Local/Programs/MiKTeX/tex/latex/mhchem/mhchem.sty
Package: mhchem 2024/01/29 v4.10 for typesetting chemical formulae

(C:/Users/Julius/AppData/Local/Programs/MiKTeX/tex/latex/l3packages/l3keys2e/l3
keys2e.sty
Package: l3keys2e 2025-10-09 LaTeX2e option processing using LaTeX3 keys
)
(C:/Users/Julius/AppData/Local/Programs/MiKTeX/tex/latex/tools/calc.sty
Package: calc 2025/03/01 v4.3b Infix arithmetic (KKT,FJ)
\calc@Acount=\count544
\calc@Bcount=\count545
\calc@Adimen=\dimen175
\calc@Bdimen=\dimen176
\calc@Askip=\skip84
\calc@Bskip=\skip85
LaTeX Info: Redefining \setlength on input line 86.
LaTeX Info: Redefining \addtolength on input line 87.
\calc@Ccount=\count546
\calc@Cskip=\skip86
)
(C:/Users/Julius/AppData/Local/Programs/MiKTeX/tex/latex/chemgreek/chemgreek.st
y
Package: chemgreek 2020/01/16 v1.1a interface for upright Greek letters for use
 in chemistry (CN)
\l__chemgreek_tmpa_int=\count547
\g__chemgreek_tmpa_int=\count548
)
\l__mhchem_ce_distanceFromLastComma_int=\count549
\__mhchem_arrow_extPgfLength_skip=\skip87
\mhchem@minispace@tmp=\skip88
\mhchem@minibackspace@tmp=\skip89
\mhchem@bondwidth=\skip90
\mhchem@bondheight=\skip91
\mhchem@smallbondwidth@tmpA=\skip92
\mhchem@smallbondwidth@tmpB=\skip93
\mhchem@smallbondwidth=\skip94
\mhchem@bondtmp@minussidebearingleft=\skip95
\mhchem@bondtmp@minussidebearingright=\skip96
\l__mhchem_option_version_int=\count550
\mhchem@option@minusmathsidebearingleft=\dimen177
\mhchem@option@minusmathsidebearingright=\dimen178
\mhchem@option@minustextsidebearingleft=\dimen179
\mhchem@option@minustextsidebearingright=\dimen180
)
(C:/Users/Julius/AppData/Local/Programs/MiKTeX/tex/latex/fontspec/fontspec.sty
Package: fontspec 2025/09/29 v2.9g Font selection for XeLaTeX and LuaLaTeX
Lua module: fontspec 2025/09/29 v2.9g Font selection for XeLaTeX and LuaLaTeX
(C:/Users/Julius/AppData/Local/Programs/MiKTeX/tex/latex/fontspec/fontspec-luat
ex.sty
Package: fontspec-luatex 2025/09/29 v2.9g Font selection for XeLaTeX and LuaLaT
eX
\l__fontspec_script_int=\count551
\l__fontspec_language_int=\count552
\l__fontspec_strnum_int=\count553
\l__fontspec_tmp_int=\count554
\l__fontspec_tmpa_int=\count555
\l__fontspec_tmpb_int=\count556
\l__fontspec_tmpc_int=\count557
\l__fontspec_em_int=\count558
\l__fontspec_emdef_int=\count559
\l__fontspec_strong_int=\count560
\l__fontspec_strongdef_int=\count561
\l__fontspec_tmpa_dim=\dimen181
\l__fontspec_tmpb_dim=\dimen182
\l__fontspec_tmpc_dim=\dimen183

(C:/Users/Julius/AppData/Local/Programs/MiKTeX/tex/latex/base/fontenc.sty
Package: fontenc 2025/07/18 v2.1d Standard LaTeX package
)
(C:/Users/Julius/AppData/Local/Programs/MiKTeX/tex/latex/fontspec/fontspec.cfg))
) (C:/Users/Julius/AppData/Local/Programs/MiKTeX/tex/latex/caption/caption.sty
Package: caption 2023/08/05 v3.6o Customizing captions (AR)
(C:/Users/Julius/AppData/Local/Programs/MiKTeX/tex/latex/caption/caption3.sty
Package: caption3 2023/07/31 v2.4d caption3 kernel (AR)
\caption@tempdima=\dimen184
\captionmargin=\dimen185
\caption@leftmargin=\dimen186
\caption@rightmargin=\dimen187
\caption@width=\dimen188
\caption@indent=\dimen189
\caption@parindent=\dimen190
\caption@hangindent=\dimen191
Package caption Info: Standard document class detected.
)
\c@caption@flags=\count562
\c@continuedfloat=\count563
Package caption Info: listings package is loaded.
) (C:/Users/Julius/AppData/Local/Programs/MiKTeX/tex/latex/dnaseq/dnaseq.sty
Package: dnaseq 2002/05/20 v0.01 dna sequence setter
\bl@cklen=\skip97
\l@neln=\skip98
\t@mpln=\skip99
\ch@rwd=\skip100
\blocks=\count564
)
(C:/Users/Julius/AppData/Local/Programs/MiKTeX/tex/latex/microtype/microtype.st
y
Package: microtype 2026/03/01 v3.2d Micro-typographical refinements (RS)
\MT@toks=\toks45
\MT@tempbox=\box61
\MT@count=\count565
LaTeX Info: Redefining \noprotrusionifhmode on input line 1084.
LaTeX Info: Redefining \leftprotrusion on input line 1085.
\MT@prot@toks=\toks46
LaTeX Info: Redefining \rightprotrusion on input line 1104.
LaTeX Info: Redefining \textls on input line 1449.
\MT@outer@kern=\dimen192
LaTeX Info: Redefining \microtypecontext on input line 2053.
LaTeX Info: Redefining \textmicrotypecontext on input line 2070.
\MT@listname@count=\count566

(C:/Users/Julius/AppData/Local/Programs/MiKTeX/tex/latex/microtype/microtype-lu
atex.def
File: microtype-luatex.def 2026/03/01 v3.2d Definitions specific to luatex (RS)

Lua module: microtype 2026/03/01 v3.2d microtype module.
Module microtype Info: overwriting function `keepligature' on input line 63
LaTeX Info: Redefining \lsstyle on input line 779.
LaTeX Info: Redefining \lslig on input line 779.
\MT@outer@space=\skip101
)
Package microtype Info: Loading configuration file microtype.cfg.

(C:/Users/Julius/AppData/Local/Programs/MiKTeX/tex/latex/microtype/microtype.cf
g
File: microtype.cfg 2026/03/01 v3.2d microtype main configuration file (RS)
)
LaTeX Info: Redefining \microtypesetup on input line 3065.
)
luaotfload | cache : Lookup cache loaded from C:/Users/Julius/AppData/Local/MiKT
eX/luatex-cache/generic/names/luaotfload-lookup-cache.luc.

Package fontspec Info: 
(fontspec)             Font family 'arial(0)' created for font 'arial' with
(fontspec)             options [Ligatures=TeX].
(fontspec)              
(fontspec)              This font family consists of the following NFSS
(fontspec)             series/shapes:
(fontspec)              
(fontspec)             - 'normal' (m/n) with NFSS spec.:
(fontspec)             <->"name:arial:mode=node;script=latn;language=dflt;+tlig
;"
(fontspec)             - 'small caps'  (m/sc) with NFSS spec.:
(fontspec)             <->"name:arial:mode=node;script=latn;language=dflt;+tlig
;+smcp;"
(fontspec)             - 'bold' (b/n) with NFSS spec.:
(fontspec)             <->"name:arial/B:mode=node;script=latn;language=dflt;+tl
ig;"
(fontspec)             - 'bold small caps'  (b/sc) with NFSS spec.:
(fontspec)             <->"name:arial/B:mode=node;script=latn;language=dflt;+tl
ig;+smcp;"
(fontspec)             - 'italic' (m/it) with NFSS spec.:
(fontspec)             <->"name:arial/I:mode=node;script=latn;language=dflt;+tl
ig;"
(fontspec)             - 'bold italic' (b/it) with NFSS spec.:
(fontspec)             <->"name:arial/BI:mode=node;script=latn;language=dflt;+t
lig;"

 (C:/Users/Julius/AppData/Local/Programs/MiKTeX/tex/latex/float/float.sty
Package: float 2001/11/08 v1.3d Float enhancements (AL)
\c@float@type=\count567
\float@exts=\toks47
\float@box=\box62
\@float@everytoks=\toks48
\@floatcapt=\box63
)
(C:/Users/Julius/AppData/Local/Programs/MiKTeX/tex/latex/tools/longtable.sty
Package: longtable 2026-01-28 v4.27 Multi-page Table package (DPC)
\LTleft=\skip102
\LTright=\skip103
\LTpre=\skip104
\LTpost=\skip105
\LTchunksize=\count568
\LTcapwidth=\dimen193
\LT@head=\box64
\LT@firsthead=\box65
\LT@foot=\box66
\LT@lastfoot=\box67
\LT@gbox=\box68
\LT@cols=\count569
\LT@rows=\count570
\c@LT@tables=\count571
\c@LT@chunks=\count572
\LT@p@ftn=\toks49
)
(C:/Users/Julius/AppData/Local/Programs/MiKTeX/tex/latex/tools/tabularx.sty
Package: tabularx 2023/12/11 v2.12a `tabularx' package (DPC)
\TX@col@width=\dimen194
\TX@old@table=\dimen195
\TX@old@col=\dimen196
\TX@target=\dimen197
\TX@delta=\dimen198
\TX@cols=\count573
\TX@ftn=\toks50
)
\@quotelevel=\count574
\@quotereset=\count575

(./Main.aux ("./1. Introduction/Introduction.aux")
("./2. Materials and Methods/Materials and Methods.aux")
("./3. Results/Results.aux") ("./4. Discussion/Discussion.aux")
("./5. Appendix/appendix.aux"))
\openout1 = Main.aux

LaTeX Font Info:    Checking defaults for OML/cmm/m/it on input line 85.
LaTeX Font Info:    ... okay on input line 85.
LaTeX Font Info:    Checking defaults for OMS/cmsy/m/n on input line 85.
LaTeX Font Info:    ... okay on input line 85.
LaTeX Font Info:    Checking defaults for OT1/cmr/m/n on input line 85.
LaTeX Font Info:    ... okay on input line 85.
LaTeX Font Info:    Checking defaults for T1/cmr/m/n on input line 85.
LaTeX Font Info:    ... okay on input line 85.
LaTeX Font Info:    Checking defaults for TS1/cmr/m/n on input line 85.
LaTeX Font Info:    ... okay on input line 85.
LaTeX Font Info:    Checking defaults for TU/lmr/m/n on input line 85.
LaTeX Font Info:    ... okay on input line 85.
LaTeX Font Info:    Checking defaults for OMX/cmex/m/n on input line 85.
LaTeX Font Info:    ... okay on input line 85.
LaTeX Font Info:    Checking defaults for U/cmr/m/n on input line 85.
LaTeX Font Info:    ... okay on input line 85.

(C:/Users/Julius/AppData/Local/Programs/MiKTeX/tex/context/base/mkii/supp-pdf.m
kii
[Loading MPS to PDF converter (version 2006.09.02).]
\scratchcounter=\count576
\scratchdimen=\dimen199
\scratchbox=\box69
\nofMPsegments=\count577
\nofMParguments=\count578
\everyMPshowfont=\toks51
\MPscratchCnt=\count579
\MPscratchDim=\dimen256
\MPnumerator=\count580
\makeMPintoPDFobject=\count581
\everyMPtoPDFconversion=\toks52
)
(C:/Users/Julius/AppData/Local/Programs/MiKTeX/tex/latex/epstopdf-pkg/epstopdf-
base.sty
Package: epstopdf-base 2020-01-24 v2.11 Base part for package epstopdf
Package epstopdf-base Info: Redefining graphics rule for `.eps' on input line 4
85.

(C:/Users/Julius/AppData/Local/Programs/MiKTeX/tex/latex/00miktex/epstopdf-sys.
cfg
File: epstopdf-sys.cfg 2021/03/18 v2.0 Configuration of epstopdf for MiKTeX
))
\c@lstlisting=\count582
Package biblatex Info: Trying to load language 'english'...
Package biblatex Info: ... file 'english.lbx' found.

(C:/Users/Julius/AppData/Local/Programs/MiKTeX/tex/latex/biblatex/lbx/english.l
bx
File: english.lbx 2025/07/10 v3.21 biblatex localization (PK/MW)
)
Package biblatex Info: LuaTeX detected.
(biblatex)             Assuming input encoding 'utf8'.
Package biblatex Info: Automatic encoding selection.
(biblatex)             Assuming data encoding 'utf8'.

\openout3 = Main.bcf
Package biblatex Info: Trying to load bibliographic data...
Package biblatex Info: ... file 'Main.bbl' found.
 (./Main.bbl)
Package biblatex Info: Reference section=0 on input line 85.
Package biblatex Info: Reference segment=0 on input line 85.

Package chemgreek Info: Activating mapping `fontspec' on line 85.


Package fontspec Info: 
(fontspec)             Adjusting the maths setup (use [no-math] to avoid
(fontspec)             this).

\symlegacymaths=\mathgroup4
LaTeX Font Info:    Overwriting symbol font `legacymaths' in version `bold'
(Font)                  OT1/cmr/m/n --> OT1/cmr/bx/n on input line 85.
LaTeX Font Info:    Redeclaring math accent \acute on input line 85.
LaTeX Font Info:    Redeclaring math accent \grave on input line 85.
LaTeX Font Info:    Redeclaring math accent \ddot on input line 85.
LaTeX Font Info:    Redeclaring math accent \tilde on input line 85.
LaTeX Font Info:    Redeclaring math accent \bar on input line 85.
LaTeX Font Info:    Redeclaring math accent \breve on input line 85.
LaTeX Font Info:    Redeclaring math accent \check on input line 85.
LaTeX Font Info:    Redeclaring math accent \hat on input line 85.
LaTeX Font Info:    Redeclaring math accent \dot on input line 85.
LaTeX Font Info:    Redeclaring math accent \mathring on input line 85.
LaTeX Font Info:    Redeclaring math symbol \Gamma on input line 85.
LaTeX Font Info:    Redeclaring math symbol \Delta on input line 85.
LaTeX Font Info:    Redeclaring math symbol \Theta on input line 85.
LaTeX Font Info:    Redeclaring math symbol \Lambda on input line 85.
LaTeX Font Info:    Redeclaring math symbol \Xi on input line 85.
LaTeX Font Info:    Redeclaring math symbol \Pi on input line 85.
LaTeX Font Info:    Redeclaring math symbol \Sigma on input line 85.
LaTeX Font Info:    Redeclaring math symbol \Upsilon on input line 85.
LaTeX Font Info:    Redeclaring math symbol \Phi on input line 85.
LaTeX Font Info:    Redeclaring math symbol \Psi on input line 85.
LaTeX Font Info:    Redeclaring math symbol \Omega on input line 85.
LaTeX Font Info:    Redeclaring math symbol \mathdollar on input line 85.
LaTeX Font Info:    Redeclaring symbol font `operators' on input line 85.
LaTeX Font Info:    Encoding `OT1' has changed to `TU' for symbol font
(Font)              `operators' in the math version `normal' on input line 85.
LaTeX Font Info:    Overwriting symbol font `operators' in version `normal'
(Font)                  OT1/cmr/m/n --> TU/arial(0)/m/n on input line 85.
LaTeX Font Info:    Encoding `OT1' has changed to `TU' for symbol font
(Font)              `operators' in the math version `bold' on input line 85.
LaTeX Font Info:    Overwriting symbol font `operators' in version `bold'
(Font)                  OT1/cmr/bx/n --> TU/arial(0)/m/n on input line 85.
LaTeX Font Info:    Overwriting symbol font `operators' in version `normal'
(Font)                  TU/arial(0)/m/n --> TU/arial(0)/m/n on input line 85.
LaTeX Font Info:    Overwriting math alphabet `\mathit' in version `normal'
(Font)                  OT1/cmr/m/it --> TU/arial(0)/m/it on input line 85.
LaTeX Font Info:    Overwriting math alphabet `\mathbf' in version `normal'
(Font)                  OT1/cmr/bx/n --> TU/arial(0)/b/n on input line 85.
LaTeX Font Info:    Overwriting math alphabet `\mathsf' in version `normal'
(Font)                  OT1/cmss/m/n --> TU/lmss/m/n on input line 85.
LaTeX Font Info:    Overwriting math alphabet `\mathtt' in version `normal'
(Font)                  OT1/cmtt/m/n --> TU/lmtt/m/n on input line 85.
LaTeX Font Info:    Overwriting symbol font `operators' in version `bold'
(Font)                  TU/arial(0)/m/n --> TU/arial(0)/b/n on input line 85.
LaTeX Font Info:    Overwriting math alphabet `\mathit' in version `bold'
(Font)                  OT1/cmr/bx/it --> TU/arial(0)/b/it on input line 85.
LaTeX Font Info:    Overwriting math alphabet `\mathsf' in version `bold'
(Font)                  OT1/cmss/bx/n --> TU/lmss/b/n on input line 85.
LaTeX Font Info:    Overwriting math alphabet `\mathtt' in version `bold'
(Font)                  OT1/cmtt/m/n --> TU/lmtt/b/n on input line 85.
Package caption Info: Begin \AtBeginDocument code.
Package caption Info: float package is loaded.
Package caption Info: longtable package is loaded.

(C:/Users/Julius/AppData/Local/Programs/MiKTeX/tex/latex/caption/ltcaption.sty
Package: ltcaption 2021/01/08 v1.4c longtable captions (AR)
)
Package caption Info: End \AtBeginDocument code.
LaTeX Info: Redefining \microtypecontext on input line 85.
Package microtype Info: Applying patch `item' on input line 85.
Package microtype Info: Applying patch `toc' on input line 85.
Package microtype Info: Applying patch `eqnum' on input line 85.
Package microtype Info: Applying patch `footnote' on input line 85.
Package microtype Info: Applying patch `verbatim' on input line 85.
LaTeX Info: Redefining \microtypesetup on input line 85.
Package microtype Info: Generating PDF output.
Package microtype Info: Character protrusion enabled (level 2),
(microtype)             factor: 1100.
Package microtype Info: Using default protrusion set `alltext'.
Package microtype Info: Automatic font expansion enabled (level 2),
(microtype)             stretch: 20, shrink: 20, step: 1, non-selected.
Package microtype Info: Using default expansion set `alltext-nott'.
Package microtype Info: Patching command `\showhyphens'.
Package microtype Info: Tracking enabled.
Package microtype Info: Using default tracking set `smallcaps'.
Package microtype Info: No adjustment of spacing.
Package microtype Info: No adjustment of kerning.
Package microtype Info: Loading generic protrusion settings for font family
(microtype)             `arial' (encoding: TU).
(microtype)             For optimal results, create family-specific settings.
(microtype)             See the microtype manual for details.
<Images/Logo.png, id=1, 1927.2pt x 770.3982pt>
File: Images/Logo.png Graphic file (type png)
<use Images/Logo.png>
Package luatex.def Info: Images/Logo.png  used on input line 92.
(luatex.def)             Requested size: 146.25pt x 58.45917pt.
(C:/Users/Julius/AppData/Local/Programs/MiKTeX/tex/latex/microtype/mt-cmr.cfg
File: mt-cmr.cfg 2013/05/19 v2.2 microtype config. file: Computer Modern Roman 
(RS)
)
[1

{C:/Users/Julius/AppData/Local/MiKTeX/fonts/map/pdftex/pdftex.map}<./Images/Logo
.png>] (./Main.toc [2


])
\tf@toc=\write4

\openout4 = Main.toc
 [3]
\openout2 = 1. Introduction/Introduction.aux
 ("./1. Introduction/Introduction.tex"
Chapter 1.

Underfull \hbox (badness 10000) in paragraph at lines 14--15

 []

[4


] [5] [6]
<Images/WT_ad5 genome.png, id=27, 581.007pt x 113.661pt>
File: Images/WT_ad5 genome.png Graphic file (type png)
<use Images/WT_ad5 genome.png>
Package luatex.def Info: Images/WT_ad5 genome.png  used on input line 26.
(luatex.def)             Requested size: 350.99762pt x 68.66537pt.
) [7<./Images/WT_ad5 genome.png>]
\openout2 = 2. Materials and Methods/Materials and Methods.aux

("./2. Materials and Methods/Materials and Methods.tex"
Chapter 2.
[8




] [9] [10] [11] [12] [13] [14] [15] [16] [17] [18]
Overfull \hbox (19.30716pt too wide) in paragraph at lines 437--438
\TU/arial(0)/m/n/12 DNA Gel elec-trophore-sis utilises the pro-por-tion-ally in-
creas-ing, length-dependent
 []

[19] [20] [21] [22] [23] [24] [25] [26] [27]) [28]
\openout2 = 3. Results/Results.aux
 ("./3. Results/Results.tex"
Chapter 3.
) [29




]
\openout2 = 4. Discussion/Discussion.aux

No file 4. Discussion/Discussion.tex.
[30






] [31]
\openout2 = 5. Appendix/appendix.aux
 ("./5. Appendix/appendix.tex"
Appendix A.
[1


] (./Main.lof)
\tf@lof=\write5

\openout5 = Main.lof
 [2

] (./Main.lot)
\tf@lot=\write6

\openout6 = Main.lot
 [3

]
Package microtype Info: Loading generic protrusion settings for font family
(microtype)             `lmtt' (encoding: TU).
(microtype)             For optimal results, create family-specific settings.
(microtype)             See the microtype manual for details.
 Blocks per line: 10
[4]) [5] (./Main.aux ("./1. Introduction/Introduction.aux")
("./2. Materials and Methods/Materials and Methods.aux")
("./3. Results/Results.aux") ("./4. Discussion/Discussion.aux")
("./5. Appendix/appendix.aux"))
 ***********
LaTeX2e <2026-06-01>
L3 programming layer <2026-06-18>
 ***********
Package logreq Info: Writing requests to 'Main.run.xml'.

\openout1 = Main.run.xml
)

Here is how much of LuaTeX's memory you used:
 26082 strings out of 475704
 1821614,1977958 words of node,token memory allocated
 696 words of node memory still in use:
   7 hlist, 2 vlist, 2 rule, 1 local_par, 5 glue, 4 kern, 1 penalty, 3 glyph, 13
 attribute, 77 glue_spec, 13 attribute_list, 3 write nodes
   avail lists: 1:11,2:129373,3:15440,4:90466,5:30200,6:184,7:33441,8:32,9:76036
,10:24,11:531,12:1
 48430 multiletter control sequences out of 65536+600000
 64 fonts using 16701439 bytes
 86i,15n,92p,9306b,1152s stack positions out of 10000i,1000n,20000p,200000b,200000s
<c:/users/julius/appdata/local/programs/miktex/fonts/opentype/public/lm/lmmono8-
regular.otf><C:/WINDOWS/Fonts/arialni.ttf><C:/WINDOWS/Fonts/arialbd.ttf><C:/WIND
OWS/Fonts/arial.ttf><C:/Users/Julius/AppData/Local/Programs/MiKTeX/fonts/type1/p
ublic/amsfonts/cm/cmmi12.pfb><C:/Users/Julius/AppData/Local/Programs/MiKTeX/font
s/type1/public/amsfonts/cm/cmr12.pfb><C:/Users/Julius/AppData/Local/Programs/MiK
TeX/fonts/type1/public/amsfonts/cm/cmr8.pfb><C:/Users/Julius/AppData/Local/Progr
ams/MiKTeX/fonts/type1/public/amsfonts/cm/cmsy10.pfb><C:/Users/Julius/AppData/Lo
cal/Programs/MiKTeX/fonts/type1/public/amsfonts/cm/cmsy8.pfb>
Output written on Main.pdf (36 pages, 634928 bytes).

PDF statistics: 172 PDF objects out of 1000 (max. 8388607)
 0 named destinations out of 1000 (max. 1048576)
 1 words of extra memory for PDF output out of 10000 (max. 100000000)

